[1.649s] Invoking command in '/home/eng_omar/bicycle_ws/build/bicycle_control': PYTHONPATH=/home/eng_omar/bicycle_ws/build/bicycle_control/prefix_override:/usr/lib/python3/dist-packages/colcon_core/task/python/colcon_distutils_commands:/home/eng_omar/bicycle_ws/install/bicycle_control/lib/python3.10/site-packages:${PYTHONPATH} /usr/bin/python3 -W ignore:setup.py install is deprecated -W ignore:easy_install command is deprecated setup.py develop --editable --build-directory /home/eng_omar/bicycle_ws/build/bicycle_control/build --no-deps symlink_data
[1.951s] running develop
[2.105s] running egg_info
[2.105s] creating bicycle_control.egg-info
[2.106s] writing bicycle_control.egg-info/PKG-INFO
[2.106s] writing dependency_links to bicycle_control.egg-info/dependency_links.txt
[2.106s] writing entry points to bicycle_control.egg-info/entry_points.txt
[2.107s] writing requirements to bicycle_control.egg-info/requires.txt
[2.107s] writing top-level names to bicycle_control.egg-info/top_level.txt
[2.107s] writing manifest file 'bicycle_control.egg-info/SOURCES.txt'
[2.109s] reading manifest file 'bicycle_control.egg-info/SOURCES.txt'
[2.109s] writing manifest file 'bicycle_control.egg-info/SOURCES.txt'
[2.111s] running build_ext
[2.112s] Creating /home/eng_omar/bicycle_ws/install/bicycle_control/lib/python3.10/site-packages/bicycle-control.egg-link (link to .)
[2.112s] Installing controller script to /home/eng_omar/bicycle_ws/install/bicycle_control/lib/bicycle_control
[2.113s] Installing teleop_bridge script to /home/eng_omar/bicycle_ws/install/bicycle_control/lib/bicycle_control
[2.114s] 
[2.114s] Installed /home/eng_omar/bicycle_ws/build/bicycle_control
[2.114s] running symlink_data
[2.114s] creating /home/eng_omar/bicycle_ws/install/bicycle_control/share/ament_index
[2.115s] creating /home/eng_omar/bicycle_ws/install/bicycle_control/share/ament_index/resource_index
[2.115s] creating /home/eng_omar/bicycle_ws/install/bicycle_control/share/ament_index/resource_index/packages
[2.115s] symbolically linking /home/eng_omar/bicycle_ws/build/bicycle_control/resource/bicycle_control -> /home/eng_omar/bicycle_ws/install/bicycle_control/share/ament_index/resource_index/packages
[2.115s] symbolically linking /home/eng_omar/bicycle_ws/build/bicycle_control/package.xml -> /home/eng_omar/bicycle_ws/install/bicycle_control/share/bicycle_control
[2.177s] Invoked command in '/home/eng_omar/bicycle_ws/build/bicycle_control' returned '0': PYTHONPATH=/home/eng_omar/bicycle_ws/build/bicycle_control/prefix_override:/usr/lib/python3/dist-packages/colcon_core/task/python/colcon_distutils_commands:/home/eng_omar/bicycle_ws/install/bicycle_control/lib/python3.10/site-packages:${PYTHONPATH} /usr/bin/python3 -W ignore:setup.py install is deprecated -W ignore:easy_install command is deprecated setup.py develop --editable --build-directory /home/eng_omar/bicycle_ws/build/bicycle_control/build --no-deps symlink_data
