[0.411s] DEBUG:colcon:Command line arguments: ['/usr/bin/colcon', 'build', '--symlink-install']
[0.412s] DEBUG:colcon:Parsed command line arguments: Namespace(log_base=None, log_level=None, verb_name='build', build_base='build', install_base='install', merge_install=False, symlink_install=True, test_result_base=None, continue_on_error=False, executor='parallel', parallel_workers=20, event_handlers=None, ignore_user_meta=False, metas=['./colcon.meta'], base_paths=['.'], packages_ignore=None, packages_ignore_regex=None, paths=None, packages_up_to=None, packages_up_to_regex=None, packages_above=None, packages_above_and_dependencies=None, packages_above_depth=None, packages_select_by_dep=None, packages_skip_by_dep=None, packages_skip_up_to=None, packages_select_build_failed=False, packages_skip_build_finished=False, packages_select_test_failures=False, packages_skip_test_passed=False, packages_select=None, packages_skip=None, packages_select_regex=None, packages_skip_regex=None, packages_start=None, packages_end=None, allow_overriding=[], cmake_args=None, cmake_target=None, cmake_target_skip_unavailable=False, cmake_clean_cache=False, cmake_clean_first=False, cmake_force_configure=False, ament_cmake_args=None, catkin_cmake_args=None, catkin_skip_building_tests=False, mixin_files=None, mixin=None, verb_parser=<colcon_mixin.mixin.mixin_argument.MixinArgumentDecorator object at 0x7ab961243c10>, verb_extension=<colcon_core.verb.build.BuildVerb object at 0x7ab96137ce50>, main=<bound method BuildVerb.main of <colcon_core.verb.build.BuildVerb object at 0x7ab96137ce50>>, mixin_verb=('build',))
[0.952s] Level 1:colcon.colcon_core.package_discovery:discover_packages(colcon_meta) check parameters
[0.952s] Level 1:colcon.colcon_core.package_discovery:discover_packages(recursive) check parameters
[0.952s] Level 1:colcon.colcon_core.package_discovery:discover_packages(ignore) check parameters
[0.952s] Level 1:colcon.colcon_core.package_discovery:discover_packages(path) check parameters
[0.952s] Level 1:colcon.colcon_core.package_discovery:discover_packages(colcon_meta) discover
[0.952s] Level 1:colcon.colcon_core.package_discovery:discover_packages(recursive) discover
[0.952s] INFO:colcon.colcon_core.package_discovery:Crawling recursively for packages in '/home/eng_omar/bicycle_ws'
[0.952s] Level 1:colcon.colcon_core.package_identification:_identify(.) by extensions ['ignore', 'ignore_ament_install']
[0.953s] Level 1:colcon.colcon_core.package_identification:_identify(.) by extension 'ignore'
[0.953s] Level 1:colcon.colcon_core.package_identification:_identify(.) by extension 'ignore_ament_install'
[0.953s] Level 1:colcon.colcon_core.package_identification:_identify(.) by extensions ['colcon_pkg']
[0.953s] Level 1:colcon.colcon_core.package_identification:_identify(.) by extension 'colcon_pkg'
[0.953s] Level 1:colcon.colcon_core.package_identification:_identify(.) by extensions ['colcon_meta']
[0.953s] Level 1:colcon.colcon_core.package_identification:_identify(.) by extension 'colcon_meta'
[0.953s] Level 1:colcon.colcon_core.package_identification:_identify(.) by extensions ['ros']
[0.953s] Level 1:colcon.colcon_core.package_identification:_identify(.) by extension 'ros'
[0.971s] Level 1:colcon.colcon_core.package_identification:_identify(.) by extensions ['cmake', 'python']
[0.971s] Level 1:colcon.colcon_core.package_identification:_identify(.) by extension 'cmake'
[0.971s] Level 1:colcon.colcon_core.package_identification:_identify(.) by extension 'python'
[0.971s] Level 1:colcon.colcon_core.package_identification:_identify(.) by extensions ['python_setup_py']
[0.971s] Level 1:colcon.colcon_core.package_identification:_identify(.) by extension 'python_setup_py'
[0.971s] Level 1:colcon.colcon_core.package_identification:_identify(build) by extensions ['ignore', 'ignore_ament_install']
[0.971s] Level 1:colcon.colcon_core.package_identification:_identify(build) by extension 'ignore'
[0.971s] Level 1:colcon.colcon_core.package_identification:_identify(build) ignored
[0.972s] Level 1:colcon.colcon_core.package_identification:_identify(install) by extensions ['ignore', 'ignore_ament_install']
[0.972s] Level 1:colcon.colcon_core.package_identification:_identify(install) by extension 'ignore'
[0.972s] Level 1:colcon.colcon_core.package_identification:_identify(install) ignored
[0.972s] Level 1:colcon.colcon_core.package_identification:_identify(log) by extensions ['ignore', 'ignore_ament_install']
[0.972s] Level 1:colcon.colcon_core.package_identification:_identify(log) by extension 'ignore'
[0.972s] Level 1:colcon.colcon_core.package_identification:_identify(log) ignored
[0.973s] Level 1:colcon.colcon_core.package_identification:_identify(src) by extensions ['ignore', 'ignore_ament_install']
[0.973s] Level 1:colcon.colcon_core.package_identification:_identify(src) by extension 'ignore'
[0.973s] Level 1:colcon.colcon_core.package_identification:_identify(src) by extension 'ignore_ament_install'
[0.974s] Level 1:colcon.colcon_core.package_identification:_identify(src) by extensions ['colcon_pkg']
[0.974s] Level 1:colcon.colcon_core.package_identification:_identify(src) by extension 'colcon_pkg'
[0.974s] Level 1:colcon.colcon_core.package_identification:_identify(src) by extensions ['colcon_meta']
[0.974s] Level 1:colcon.colcon_core.package_identification:_identify(src) by extension 'colcon_meta'
[0.974s] Level 1:colcon.colcon_core.package_identification:_identify(src) by extensions ['ros']
[0.974s] Level 1:colcon.colcon_core.package_identification:_identify(src) by extension 'ros'
[0.974s] Level 1:colcon.colcon_core.package_identification:_identify(src) by extensions ['cmake', 'python']
[0.974s] Level 1:colcon.colcon_core.package_identification:_identify(src) by extension 'cmake'
[0.974s] Level 1:colcon.colcon_core.package_identification:_identify(src) by extension 'python'
[0.974s] Level 1:colcon.colcon_core.package_identification:_identify(src) by extensions ['python_setup_py']
[0.974s] Level 1:colcon.colcon_core.package_identification:_identify(src) by extension 'python_setup_py'
[0.975s] Level 1:colcon.colcon_core.package_identification:_identify(src/bicycle_control) by extensions ['ignore', 'ignore_ament_install']
[0.975s] Level 1:colcon.colcon_core.package_identification:_identify(src/bicycle_control) by extension 'ignore'
[0.975s] Level 1:colcon.colcon_core.package_identification:_identify(src/bicycle_control) by extension 'ignore_ament_install'
[0.975s] Level 1:colcon.colcon_core.package_identification:_identify(src/bicycle_control) by extensions ['colcon_pkg']
[0.975s] Level 1:colcon.colcon_core.package_identification:_identify(src/bicycle_control) by extension 'colcon_pkg'
[0.975s] Level 1:colcon.colcon_core.package_identification:_identify(src/bicycle_control) by extensions ['colcon_meta']
[0.975s] Level 1:colcon.colcon_core.package_identification:_identify(src/bicycle_control) by extension 'colcon_meta'
[0.975s] Level 1:colcon.colcon_core.package_identification:_identify(src/bicycle_control) by extensions ['ros']
[0.975s] Level 1:colcon.colcon_core.package_identification:_identify(src/bicycle_control) by extension 'ros'
[0.983s] DEBUG:colcon.colcon_core.package_identification:Package 'src/bicycle_control' with type 'ros.ament_python' and name 'bicycle_control'
[0.983s] Level 1:colcon.colcon_core.package_identification:_identify(src/bicycle_sim) by extensions ['ignore', 'ignore_ament_install']
[0.983s] Level 1:colcon.colcon_core.package_identification:_identify(src/bicycle_sim) by extension 'ignore'
[0.983s] Level 1:colcon.colcon_core.package_identification:_identify(src/bicycle_sim) by extension 'ignore_ament_install'
[0.984s] Level 1:colcon.colcon_core.package_identification:_identify(src/bicycle_sim) by extensions ['colcon_pkg']
[0.984s] Level 1:colcon.colcon_core.package_identification:_identify(src/bicycle_sim) by extension 'colcon_pkg'
[0.984s] Level 1:colcon.colcon_core.package_identification:_identify(src/bicycle_sim) by extensions ['colcon_meta']
[0.984s] Level 1:colcon.colcon_core.package_identification:_identify(src/bicycle_sim) by extension 'colcon_meta'
[0.984s] Level 1:colcon.colcon_core.package_identification:_identify(src/bicycle_sim) by extensions ['ros']
[0.984s] Level 1:colcon.colcon_core.package_identification:_identify(src/bicycle_sim) by extension 'ros'
[0.986s] DEBUG:colcon.colcon_core.package_identification:Package 'src/bicycle_sim' with type 'ros.ament_python' and name 'bicycle_sim'
[0.986s] Level 1:colcon.colcon_core.package_identification:_identify(src/track_environment) by extensions ['ignore', 'ignore_ament_install']
[0.986s] Level 1:colcon.colcon_core.package_identification:_identify(src/track_environment) by extension 'ignore'
[0.987s] Level 1:colcon.colcon_core.package_identification:_identify(src/track_environment) by extension 'ignore_ament_install'
[0.987s] Level 1:colcon.colcon_core.package_identification:_identify(src/track_environment) by extensions ['colcon_pkg']
[0.987s] Level 1:colcon.colcon_core.package_identification:_identify(src/track_environment) by extension 'colcon_pkg'
[0.987s] Level 1:colcon.colcon_core.package_identification:_identify(src/track_environment) by extensions ['colcon_meta']
[0.987s] Level 1:colcon.colcon_core.package_identification:_identify(src/track_environment) by extension 'colcon_meta'
[0.987s] Level 1:colcon.colcon_core.package_identification:_identify(src/track_environment) by extensions ['ros']
[0.987s] Level 1:colcon.colcon_core.package_identification:_identify(src/track_environment) by extension 'ros'
[0.988s] DEBUG:colcon.colcon_core.package_identification:Package 'src/track_environment' with type 'ros.ament_python' and name 'track_environment'
[0.988s] Level 1:colcon.colcon_core.package_discovery:discover_packages(recursive) using defaults
[0.988s] Level 1:colcon.colcon_core.package_discovery:discover_packages(ignore) discover
[0.988s] Level 1:colcon.colcon_core.package_discovery:discover_packages(ignore) using defaults
[0.988s] Level 1:colcon.colcon_core.package_discovery:discover_packages(path) discover
[0.988s] Level 1:colcon.colcon_core.package_discovery:discover_packages(path) using defaults
[1.045s] Level 1:colcon.colcon_core.package_discovery:discover_packages(prefix_path) check parameters
[1.045s] Level 1:colcon.colcon_core.package_discovery:discover_packages(prefix_path) discover
[1.050s] WARNING:colcon.colcon_ros.prefix_path.ament:The path '/home/eng_omar/bicycle_ws/install/bicycle_sim' in the environment variable AMENT_PREFIX_PATH doesn't exist
[1.050s] WARNING:colcon.colcon_ros.prefix_path.ament:The path '/home/eng_omar/bicycle_ws/install/track_environment' in the environment variable AMENT_PREFIX_PATH doesn't exist
[1.050s] WARNING:colcon.colcon_ros.prefix_path.ament:The path '/home/eng_omar/bicycle_ws/install/bicycle_control' in the environment variable AMENT_PREFIX_PATH doesn't exist
[1.055s] DEBUG:colcon.colcon_installed_package_information.package_discovery:Found 0 installed packages in /home/eng_omar/bicycle_ws/install
[1.055s] DEBUG:colcon.colcon_installed_package_information.package_discovery:Found 1 installed packages in /home/eng_omar/ros_ws/install
[1.055s] DEBUG:colcon.colcon_installed_package_information.package_discovery:Found 4 installed packages in /home/eng_omar/install
[1.057s] DEBUG:colcon.colcon_installed_package_information.package_discovery:Found 280 installed packages in /opt/ros/humble
[1.058s] Level 1:colcon.colcon_core.package_discovery:discover_packages(prefix_path) using defaults
[1.112s] Level 5:colcon.colcon_core.verb:set package 'bicycle_control' build argument 'cmake_args' from command line to 'None'
[1.113s] Level 5:colcon.colcon_core.verb:set package 'bicycle_control' build argument 'cmake_target' from command line to 'None'
[1.113s] Level 5:colcon.colcon_core.verb:set package 'bicycle_control' build argument 'cmake_target_skip_unavailable' from command line to 'False'
[1.113s] Level 5:colcon.colcon_core.verb:set package 'bicycle_control' build argument 'cmake_clean_cache' from command line to 'False'
[1.113s] Level 5:colcon.colcon_core.verb:set package 'bicycle_control' build argument 'cmake_clean_first' from command line to 'False'
[1.113s] Level 5:colcon.colcon_core.verb:set package 'bicycle_control' build argument 'cmake_force_configure' from command line to 'False'
[1.113s] Level 5:colcon.colcon_core.verb:set package 'bicycle_control' build argument 'ament_cmake_args' from command line to 'None'
[1.113s] Level 5:colcon.colcon_core.verb:set package 'bicycle_control' build argument 'catkin_cmake_args' from command line to 'None'
[1.113s] Level 5:colcon.colcon_core.verb:set package 'bicycle_control' build argument 'catkin_skip_building_tests' from command line to 'False'
[1.113s] DEBUG:colcon.colcon_core.verb:Building package 'bicycle_control' with the following arguments: {'ament_cmake_args': None, 'build_base': '/home/eng_omar/bicycle_ws/build/bicycle_control', 'catkin_cmake_args': None, 'catkin_skip_building_tests': False, 'cmake_args': None, 'cmake_clean_cache': False, 'cmake_clean_first': False, 'cmake_force_configure': False, 'cmake_target': None, 'cmake_target_skip_unavailable': False, 'install_base': '/home/eng_omar/bicycle_ws/install/bicycle_control', 'merge_install': False, 'path': '/home/eng_omar/bicycle_ws/src/bicycle_control', 'symlink_install': True, 'test_result_base': None}
[1.113s] Level 5:colcon.colcon_core.verb:set package 'track_environment' build argument 'cmake_args' from command line to 'None'
[1.114s] Level 5:colcon.colcon_core.verb:set package 'track_environment' build argument 'cmake_target' from command line to 'None'
[1.114s] Level 5:colcon.colcon_core.verb:set package 'track_environment' build argument 'cmake_target_skip_unavailable' from command line to 'False'
[1.114s] Level 5:colcon.colcon_core.verb:set package 'track_environment' build argument 'cmake_clean_cache' from command line to 'False'
[1.114s] Level 5:colcon.colcon_core.verb:set package 'track_environment' build argument 'cmake_clean_first' from command line to 'False'
[1.114s] Level 5:colcon.colcon_core.verb:set package 'track_environment' build argument 'cmake_force_configure' from command line to 'False'
[1.114s] Level 5:colcon.colcon_core.verb:set package 'track_environment' build argument 'ament_cmake_args' from command line to 'None'
[1.114s] Level 5:colcon.colcon_core.verb:set package 'track_environment' build argument 'catkin_cmake_args' from command line to 'None'
[1.114s] Level 5:colcon.colcon_core.verb:set package 'track_environment' build argument 'catkin_skip_building_tests' from command line to 'False'
[1.114s] DEBUG:colcon.colcon_core.verb:Building package 'track_environment' with the following arguments: {'ament_cmake_args': None, 'build_base': '/home/eng_omar/bicycle_ws/build/track_environment', 'catkin_cmake_args': None, 'catkin_skip_building_tests': False, 'cmake_args': None, 'cmake_clean_cache': False, 'cmake_clean_first': False, 'cmake_force_configure': False, 'cmake_target': None, 'cmake_target_skip_unavailable': False, 'install_base': '/home/eng_omar/bicycle_ws/install/track_environment', 'merge_install': False, 'path': '/home/eng_omar/bicycle_ws/src/track_environment', 'symlink_install': True, 'test_result_base': None}
[1.114s] Level 5:colcon.colcon_core.verb:set package 'bicycle_sim' build argument 'cmake_args' from command line to 'None'
[1.114s] Level 5:colcon.colcon_core.verb:set package 'bicycle_sim' build argument 'cmake_target' from command line to 'None'
[1.114s] Level 5:colcon.colcon_core.verb:set package 'bicycle_sim' build argument 'cmake_target_skip_unavailable' from command line to 'False'
[1.114s] Level 5:colcon.colcon_core.verb:set package 'bicycle_sim' build argument 'cmake_clean_cache' from command line to 'False'
[1.114s] Level 5:colcon.colcon_core.verb:set package 'bicycle_sim' build argument 'cmake_clean_first' from command line to 'False'
[1.114s] Level 5:colcon.colcon_core.verb:set package 'bicycle_sim' build argument 'cmake_force_configure' from command line to 'False'
[1.114s] Level 5:colcon.colcon_core.verb:set package 'bicycle_sim' build argument 'ament_cmake_args' from command line to 'None'
[1.114s] Level 5:colcon.colcon_core.verb:set package 'bicycle_sim' build argument 'catkin_cmake_args' from command line to 'None'
[1.114s] Level 5:colcon.colcon_core.verb:set package 'bicycle_sim' build argument 'catkin_skip_building_tests' from command line to 'False'
[1.114s] DEBUG:colcon.colcon_core.verb:Building package 'bicycle_sim' with the following arguments: {'ament_cmake_args': None, 'build_base': '/home/eng_omar/bicycle_ws/build/bicycle_sim', 'catkin_cmake_args': None, 'catkin_skip_building_tests': False, 'cmake_args': None, 'cmake_clean_cache': False, 'cmake_clean_first': False, 'cmake_force_configure': False, 'cmake_target': None, 'cmake_target_skip_unavailable': False, 'install_base': '/home/eng_omar/bicycle_ws/install/bicycle_sim', 'merge_install': False, 'path': '/home/eng_omar/bicycle_ws/src/bicycle_sim', 'symlink_install': True, 'test_result_base': None}
[1.114s] INFO:colcon.colcon_core.executor:Executing jobs using 'parallel' executor
[1.116s] DEBUG:colcon.colcon_parallel_executor.executor.parallel:run_until_complete
[1.116s] INFO:colcon.colcon_ros.task.ament_python.build:Building ROS package in '/home/eng_omar/bicycle_ws/src/track_environment' with build type 'ament_python'
[1.116s] Level 1:colcon.colcon_core.shell:create_environment_hook('track_environment', 'ament_prefix_path')
[1.125s] INFO:colcon.colcon_core.plugin_system:Skipping extension 'colcon_core.shell.bat': Not used on non-Windows systems
[1.125s] INFO:colcon.colcon_core.shell:Creating environment hook '/home/eng_omar/bicycle_ws/install/track_environment/share/track_environment/hook/ament_prefix_path.ps1'
[1.128s] INFO:colcon.colcon_core.shell:Creating environment descriptor '/home/eng_omar/bicycle_ws/install/track_environment/share/track_environment/hook/ament_prefix_path.dsv'
[1.129s] INFO:colcon.colcon_core.shell:Creating environment hook '/home/eng_omar/bicycle_ws/install/track_environment/share/track_environment/hook/ament_prefix_path.sh'
[1.130s] INFO:colcon.colcon_core.shell:Skip shell extension 'powershell' for command environment: Not usable outside of PowerShell
[1.130s] DEBUG:colcon.colcon_core.shell:Skip shell extension 'dsv' for command environment
[1.135s] INFO:colcon.colcon_ros.task.ament_python.build:Building ROS package in '/home/eng_omar/bicycle_ws/src/bicycle_control' with build type 'ament_python'
[1.136s] Level 1:colcon.colcon_core.shell:create_environment_hook('bicycle_control', 'ament_prefix_path')
[1.136s] INFO:colcon.colcon_core.shell:Creating environment hook '/home/eng_omar/bicycle_ws/install/bicycle_control/share/bicycle_control/hook/ament_prefix_path.ps1'
[1.138s] INFO:colcon.colcon_core.shell:Creating environment descriptor '/home/eng_omar/bicycle_ws/install/bicycle_control/share/bicycle_control/hook/ament_prefix_path.dsv'
[1.138s] INFO:colcon.colcon_core.shell:Creating environment hook '/home/eng_omar/bicycle_ws/install/bicycle_control/share/bicycle_control/hook/ament_prefix_path.sh'
[1.139s] INFO:colcon.colcon_core.shell:Skip shell extension 'powershell' for command environment: Not usable outside of PowerShell
[1.140s] DEBUG:colcon.colcon_core.shell:Skip shell extension 'dsv' for command environment
[1.477s] INFO:colcon.colcon_core.task.python.build:Building Python package in '/home/eng_omar/bicycle_ws/src/track_environment'
[1.477s] INFO:colcon.colcon_core.shell:Skip shell extension 'powershell' for command environment: Not usable outside of PowerShell
[1.477s] DEBUG:colcon.colcon_core.shell:Skip shell extension 'dsv' for command environment
[1.801s] INFO:colcon.colcon_core.task.python.build:Building Python package in '/home/eng_omar/bicycle_ws/src/bicycle_control'
[1.801s] INFO:colcon.colcon_core.shell:Skip shell extension 'powershell' for command environment: Not usable outside of PowerShell
[1.801s] DEBUG:colcon.colcon_core.shell:Skip shell extension 'dsv' for command environment
[2.460s] DEBUG:colcon.colcon_core.task.python.build:Available setuptools commands: bdist_egg, init_catalog, install_headers, bdist, install_data, develop, sdist, rotate, setopt, bdist_dumb, upload_docs, install_egg_info, clean, update_catalog, build_scripts, build_clib, easy_install, check, compile_catalog, symlink_data, build_ext, test, bdist_rpm, install, upload, egg_info, alias, install_lib, build, register, extract_messages, install_scripts, dist_info, saveopts, build_py
[2.461s] DEBUG:colcon.colcon_core.task.python.build:Available setuptools commands: bdist_egg, init_catalog, install_headers, bdist, install_data, develop, sdist, rotate, setopt, bdist_dumb, upload_docs, install_egg_info, clean, update_catalog, build_scripts, build_clib, easy_install, check, compile_catalog, symlink_data, build_ext, test, bdist_rpm, install, upload, egg_info, alias, install_lib, build, register, extract_messages, install_scripts, dist_info, saveopts, build_py
[2.780s] DEBUG:colcon.colcon_core.task.python.build:Available setuptools 'develop' options: --allow-hosts, --no-deps, --egg-path, --record, --prefix, --version, --no-find-links, --build-directory, --script-dir, --multi-version, --editable, --user, --install-layout, --index-url, --exclude-scripts, --upgrade, --help, --verbose, --force-installation-into-system-dir, --dry-run, --find-links, --uninstall, --no-user-cfg, --zip-ok, --always-unzip, --local-snapshots-ok, --quiet, --always-copy, --optimize, --install-dir, --site-dirs
[2.785s] DEBUG:colcon.colcon_core.event_handler.log_command:Invoking command in '/home/eng_omar/bicycle_ws/build/bicycle_control': PYTHONPATH=/home/eng_omar/bicycle_ws/build/bicycle_control/prefix_override:/usr/lib/python3/dist-packages/colcon_core/task/python/colcon_distutils_commands:/home/eng_omar/bicycle_ws/install/bicycle_control/lib/python3.10/site-packages:${PYTHONPATH} /usr/bin/python3 -W ignore:setup.py install is deprecated -W ignore:easy_install command is deprecated setup.py develop --editable --build-directory /home/eng_omar/bicycle_ws/build/bicycle_control/build --no-deps symlink_data
[2.787s] DEBUG:colcon.colcon_core.task.python.build:Available setuptools 'develop' options: --allow-hosts, --no-deps, --egg-path, --record, --prefix, --version, --no-find-links, --build-directory, --script-dir, --multi-version, --editable, --user, --install-layout, --index-url, --exclude-scripts, --upgrade, --help, --verbose, --force-installation-into-system-dir, --dry-run, --find-links, --uninstall, --no-user-cfg, --zip-ok, --always-unzip, --local-snapshots-ok, --quiet, --always-copy, --optimize, --install-dir, --site-dirs
[2.792s] DEBUG:colcon.colcon_core.event_handler.log_command:Invoking command in '/home/eng_omar/bicycle_ws/build/track_environment': PYTHONPATH=/home/eng_omar/bicycle_ws/build/track_environment/prefix_override:/usr/lib/python3/dist-packages/colcon_core/task/python/colcon_distutils_commands:/home/eng_omar/bicycle_ws/install/track_environment/lib/python3.10/site-packages:${PYTHONPATH} /usr/bin/python3 -W ignore:setup.py install is deprecated -W ignore:easy_install command is deprecated setup.py develop --editable --build-directory /home/eng_omar/bicycle_ws/build/track_environment/build --no-deps symlink_data
[3.280s] Level 1:colcon.colcon_core.shell:create_environment_hook('track_environment', 'pythonpath_develop')
[3.280s] INFO:colcon.colcon_core.shell:Creating environment hook '/home/eng_omar/bicycle_ws/build/track_environment/share/track_environment/hook/pythonpath_develop.ps1'
[3.281s] DEBUG:colcon.colcon_core.event_handler.log_command:Invoked command in '/home/eng_omar/bicycle_ws/build/track_environment' returned '0': PYTHONPATH=/home/eng_omar/bicycle_ws/build/track_environment/prefix_override:/usr/lib/python3/dist-packages/colcon_core/task/python/colcon_distutils_commands:/home/eng_omar/bicycle_ws/install/track_environment/lib/python3.10/site-packages:${PYTHONPATH} /usr/bin/python3 -W ignore:setup.py install is deprecated -W ignore:easy_install command is deprecated setup.py develop --editable --build-directory /home/eng_omar/bicycle_ws/build/track_environment/build --no-deps symlink_data
[3.282s] INFO:colcon.colcon_core.shell:Creating environment descriptor '/home/eng_omar/bicycle_ws/build/track_environment/share/track_environment/hook/pythonpath_develop.dsv'
[3.283s] INFO:colcon.colcon_core.shell:Creating environment hook '/home/eng_omar/bicycle_ws/build/track_environment/share/track_environment/hook/pythonpath_develop.sh'
[3.294s] Level 1:colcon.colcon_core.environment:checking '/home/eng_omar/bicycle_ws/install/track_environment' for CMake module files
[3.294s] Level 1:colcon.colcon_core.environment:checking '/home/eng_omar/bicycle_ws/install/track_environment' for CMake config files
[3.295s] Level 1:colcon.colcon_core.environment:checking '/home/eng_omar/bicycle_ws/install/track_environment/lib'
[3.295s] Level 1:colcon.colcon_core.environment:checking '/home/eng_omar/bicycle_ws/install/track_environment/bin'
[3.295s] Level 1:colcon.colcon_core.environment:checking '/home/eng_omar/bicycle_ws/install/track_environment/lib/pkgconfig/track_environment.pc'
[3.295s] Level 1:colcon.colcon_core.environment:checking '/home/eng_omar/bicycle_ws/install/track_environment/lib/python3.10/site-packages'
[3.295s] Level 1:colcon.colcon_core.shell:create_environment_hook('track_environment', 'pythonpath')
[3.296s] INFO:colcon.colcon_core.shell:Creating environment hook '/home/eng_omar/bicycle_ws/install/track_environment/share/track_environment/hook/pythonpath.ps1'
[3.296s] INFO:colcon.colcon_core.shell:Creating environment descriptor '/home/eng_omar/bicycle_ws/install/track_environment/share/track_environment/hook/pythonpath.dsv'
[3.296s] INFO:colcon.colcon_core.shell:Creating environment hook '/home/eng_omar/bicycle_ws/install/track_environment/share/track_environment/hook/pythonpath.sh'
[3.297s] Level 1:colcon.colcon_core.environment:checking '/home/eng_omar/bicycle_ws/install/track_environment/bin'
[3.297s] Level 1:colcon.colcon_core.environment:create_environment_scripts_only(track_environment)
[3.298s] INFO:colcon.colcon_core.shell:Creating package script '/home/eng_omar/bicycle_ws/install/track_environment/share/track_environment/package.ps1'
[3.299s] INFO:colcon.colcon_core.shell:Creating package descriptor '/home/eng_omar/bicycle_ws/install/track_environment/share/track_environment/package.dsv'
[3.300s] INFO:colcon.colcon_core.shell:Creating package script '/home/eng_omar/bicycle_ws/install/track_environment/share/track_environment/package.sh'
[3.301s] INFO:colcon.colcon_core.shell:Creating package script '/home/eng_omar/bicycle_ws/install/track_environment/share/track_environment/package.bash'
[3.302s] INFO:colcon.colcon_core.shell:Creating package script '/home/eng_omar/bicycle_ws/install/track_environment/share/track_environment/package.zsh'
[3.303s] Level 1:colcon.colcon_core.environment:create_file_with_runtime_dependencies(/home/eng_omar/bicycle_ws/install/track_environment/share/colcon-core/packages/track_environment)
[3.304s] INFO:colcon.colcon_ros.task.ament_python.build:Building ROS package in '/home/eng_omar/bicycle_ws/src/bicycle_sim' with build type 'ament_python'
[3.304s] Level 1:colcon.colcon_core.shell:create_environment_hook('bicycle_sim', 'ament_prefix_path')
[3.305s] INFO:colcon.colcon_core.shell:Creating environment hook '/home/eng_omar/bicycle_ws/install/bicycle_sim/share/bicycle_sim/hook/ament_prefix_path.ps1'
[3.306s] INFO:colcon.colcon_core.shell:Creating environment descriptor '/home/eng_omar/bicycle_ws/install/bicycle_sim/share/bicycle_sim/hook/ament_prefix_path.dsv'
[3.307s] INFO:colcon.colcon_core.shell:Creating environment hook '/home/eng_omar/bicycle_ws/install/bicycle_sim/share/bicycle_sim/hook/ament_prefix_path.sh'
[3.307s] INFO:colcon.colcon_core.shell:Skip shell extension 'powershell' for command environment: Not usable outside of PowerShell
[3.307s] DEBUG:colcon.colcon_core.shell:Skip shell extension 'dsv' for command environment
[3.313s] Level 1:colcon.colcon_core.shell:create_environment_hook('bicycle_control', 'pythonpath_develop')
[3.314s] INFO:colcon.colcon_core.shell:Creating environment hook '/home/eng_omar/bicycle_ws/build/bicycle_control/share/bicycle_control/hook/pythonpath_develop.ps1'
[3.314s] DEBUG:colcon.colcon_core.event_handler.log_command:Invoked command in '/home/eng_omar/bicycle_ws/build/bicycle_control' returned '0': PYTHONPATH=/home/eng_omar/bicycle_ws/build/bicycle_control/prefix_override:/usr/lib/python3/dist-packages/colcon_core/task/python/colcon_distutils_commands:/home/eng_omar/bicycle_ws/install/bicycle_control/lib/python3.10/site-packages:${PYTHONPATH} /usr/bin/python3 -W ignore:setup.py install is deprecated -W ignore:easy_install command is deprecated setup.py develop --editable --build-directory /home/eng_omar/bicycle_ws/build/bicycle_control/build --no-deps symlink_data
[3.316s] INFO:colcon.colcon_core.shell:Creating environment descriptor '/home/eng_omar/bicycle_ws/build/bicycle_control/share/bicycle_control/hook/pythonpath_develop.dsv'
[3.316s] INFO:colcon.colcon_core.shell:Creating environment hook '/home/eng_omar/bicycle_ws/build/bicycle_control/share/bicycle_control/hook/pythonpath_develop.sh'
[3.317s] Level 1:colcon.colcon_core.environment:checking '/home/eng_omar/bicycle_ws/install/bicycle_control' for CMake module files
[3.317s] Level 1:colcon.colcon_core.environment:checking '/home/eng_omar/bicycle_ws/install/bicycle_control' for CMake config files
[3.317s] Level 1:colcon.colcon_core.environment:checking '/home/eng_omar/bicycle_ws/install/bicycle_control/lib'
[3.318s] Level 1:colcon.colcon_core.environment:checking '/home/eng_omar/bicycle_ws/install/bicycle_control/bin'
[3.318s] Level 1:colcon.colcon_core.environment:checking '/home/eng_omar/bicycle_ws/install/bicycle_control/lib/pkgconfig/bicycle_control.pc'
[3.318s] Level 1:colcon.colcon_core.environment:checking '/home/eng_omar/bicycle_ws/install/bicycle_control/lib/python3.10/site-packages'
[3.318s] Level 1:colcon.colcon_core.shell:create_environment_hook('bicycle_control', 'pythonpath')
[3.318s] INFO:colcon.colcon_core.shell:Creating environment hook '/home/eng_omar/bicycle_ws/install/bicycle_control/share/bicycle_control/hook/pythonpath.ps1'
[3.319s] INFO:colcon.colcon_core.shell:Creating environment descriptor '/home/eng_omar/bicycle_ws/install/bicycle_control/share/bicycle_control/hook/pythonpath.dsv'
[3.319s] INFO:colcon.colcon_core.shell:Creating environment hook '/home/eng_omar/bicycle_ws/install/bicycle_control/share/bicycle_control/hook/pythonpath.sh'
[3.320s] Level 1:colcon.colcon_core.environment:checking '/home/eng_omar/bicycle_ws/install/bicycle_control/bin'
[3.320s] Level 1:colcon.colcon_core.environment:create_environment_scripts_only(bicycle_control)
[3.320s] INFO:colcon.colcon_core.shell:Creating package script '/home/eng_omar/bicycle_ws/install/bicycle_control/share/bicycle_control/package.ps1'
[3.321s] INFO:colcon.colcon_core.shell:Creating package descriptor '/home/eng_omar/bicycle_ws/install/bicycle_control/share/bicycle_control/package.dsv'
[3.322s] INFO:colcon.colcon_core.shell:Creating package script '/home/eng_omar/bicycle_ws/install/bicycle_control/share/bicycle_control/package.sh'
[3.322s] INFO:colcon.colcon_core.shell:Creating package script '/home/eng_omar/bicycle_ws/install/bicycle_control/share/bicycle_control/package.bash'
[3.323s] INFO:colcon.colcon_core.shell:Creating package script '/home/eng_omar/bicycle_ws/install/bicycle_control/share/bicycle_control/package.zsh'
[3.323s] Level 1:colcon.colcon_core.environment:create_file_with_runtime_dependencies(/home/eng_omar/bicycle_ws/install/bicycle_control/share/colcon-core/packages/bicycle_control)
[3.784s] INFO:colcon.colcon_core.task.python.build:Building Python package in '/home/eng_omar/bicycle_ws/src/bicycle_sim'
[3.785s] INFO:colcon.colcon_core.shell:Skip shell extension 'powershell' for command environment: Not usable outside of PowerShell
[3.785s] DEBUG:colcon.colcon_core.shell:Skip shell extension 'dsv' for command environment
[4.341s] DEBUG:colcon.colcon_core.task.python.build:Available setuptools commands: bdist_egg, init_catalog, install_headers, bdist, install_data, develop, sdist, rotate, setopt, bdist_dumb, upload_docs, install_egg_info, clean, update_catalog, build_scripts, build_clib, easy_install, check, compile_catalog, symlink_data, build_ext, test, bdist_rpm, install, upload, egg_info, alias, install_lib, build, register, extract_messages, install_scripts, dist_info, saveopts, build_py
[4.659s] DEBUG:colcon.colcon_core.task.python.build:Available setuptools 'develop' options: --allow-hosts, --no-deps, --egg-path, --record, --prefix, --version, --no-find-links, --build-directory, --script-dir, --multi-version, --editable, --user, --install-layout, --index-url, --exclude-scripts, --upgrade, --help, --verbose, --force-installation-into-system-dir, --dry-run, --find-links, --uninstall, --no-user-cfg, --zip-ok, --always-unzip, --local-snapshots-ok, --quiet, --always-copy, --optimize, --install-dir, --site-dirs
[4.664s] DEBUG:colcon.colcon_core.event_handler.log_command:Invoking command in '/home/eng_omar/bicycle_ws/build/bicycle_sim': AMENT_PREFIX_PATH=/home/eng_omar/bicycle_ws/install/track_environment:/home/eng_omar/bicycle_ws/install/bicycle_sim:/home/eng_omar/bicycle_ws/install/bicycle_control:/home/eng_omar/install/shapes:/home/eng_omar/install/my_pkg:/home/eng_omar/ros_ws/install/my_pkg:/opt/ros/humble PYTHONPATH=/home/eng_omar/bicycle_ws/build/bicycle_sim/prefix_override:/usr/lib/python3/dist-packages/colcon_core/task/python/colcon_distutils_commands:/home/eng_omar/bicycle_ws/install/bicycle_sim/lib/python3.10/site-packages:/home/eng_omar/bicycle_ws/build/track_environment:/home/eng_omar/bicycle_ws/install/track_environment/lib/python3.10/site-packages:/home/eng_omar/bicycle_ws/build/bicycle_sim:/home/eng_omar/bicycle_ws/install/bicycle_sim/lib/python3.10/site-packages:/home/eng_omar/bicycle_ws/build/bicycle_control:/home/eng_omar/bicycle_ws/install/bicycle_control/lib/python3.10/site-packages:/home/eng_omar/install/shapes/lib/python3.10/site-packages:/home/eng_omar/install/my_pkg/lib/python3.10/site-packages:/home/eng_omar/install/f_pkg/lib/python3.10/site-packages:/home/eng_omar/install/f_[kg/lib/python3.10/site-packages:/home/eng_omar/ros_ws/install/my_pkg/lib/python3.10/site-packages:/opt/ros/humble/lib/python3.10/site-packages:/opt/ros/humble/local/lib/python3.10/dist-packages /usr/bin/python3 -W ignore:setup.py install is deprecated -W ignore:easy_install command is deprecated setup.py develop --editable --build-directory /home/eng_omar/bicycle_ws/build/bicycle_sim/build --no-deps symlink_data
[5.150s] Level 1:colcon.colcon_core.shell:create_environment_hook('bicycle_sim', 'pythonpath_develop')
[5.150s] INFO:colcon.colcon_core.shell:Creating environment hook '/home/eng_omar/bicycle_ws/build/bicycle_sim/share/bicycle_sim/hook/pythonpath_develop.ps1'
[5.151s] DEBUG:colcon.colcon_core.event_handler.log_command:Invoked command in '/home/eng_omar/bicycle_ws/build/bicycle_sim' returned '0': AMENT_PREFIX_PATH=/home/eng_omar/bicycle_ws/install/track_environment:/home/eng_omar/bicycle_ws/install/bicycle_sim:/home/eng_omar/bicycle_ws/install/bicycle_control:/home/eng_omar/install/shapes:/home/eng_omar/install/my_pkg:/home/eng_omar/ros_ws/install/my_pkg:/opt/ros/humble PYTHONPATH=/home/eng_omar/bicycle_ws/build/bicycle_sim/prefix_override:/usr/lib/python3/dist-packages/colcon_core/task/python/colcon_distutils_commands:/home/eng_omar/bicycle_ws/install/bicycle_sim/lib/python3.10/site-packages:/home/eng_omar/bicycle_ws/build/track_environment:/home/eng_omar/bicycle_ws/install/track_environment/lib/python3.10/site-packages:/home/eng_omar/bicycle_ws/build/bicycle_sim:/home/eng_omar/bicycle_ws/install/bicycle_sim/lib/python3.10/site-packages:/home/eng_omar/bicycle_ws/build/bicycle_control:/home/eng_omar/bicycle_ws/install/bicycle_control/lib/python3.10/site-packages:/home/eng_omar/install/shapes/lib/python3.10/site-packages:/home/eng_omar/install/my_pkg/lib/python3.10/site-packages:/home/eng_omar/install/f_pkg/lib/python3.10/site-packages:/home/eng_omar/install/f_[kg/lib/python3.10/site-packages:/home/eng_omar/ros_ws/install/my_pkg/lib/python3.10/site-packages:/opt/ros/humble/lib/python3.10/site-packages:/opt/ros/humble/local/lib/python3.10/dist-packages /usr/bin/python3 -W ignore:setup.py install is deprecated -W ignore:easy_install command is deprecated setup.py develop --editable --build-directory /home/eng_omar/bicycle_ws/build/bicycle_sim/build --no-deps symlink_data
[5.152s] INFO:colcon.colcon_core.shell:Creating environment descriptor '/home/eng_omar/bicycle_ws/build/bicycle_sim/share/bicycle_sim/hook/pythonpath_develop.dsv'
[5.152s] INFO:colcon.colcon_core.shell:Creating environment hook '/home/eng_omar/bicycle_ws/build/bicycle_sim/share/bicycle_sim/hook/pythonpath_develop.sh'
[5.153s] Level 1:colcon.colcon_core.environment:checking '/home/eng_omar/bicycle_ws/install/bicycle_sim' for CMake module files
[5.153s] Level 1:colcon.colcon_core.environment:checking '/home/eng_omar/bicycle_ws/install/bicycle_sim' for CMake config files
[5.154s] Level 1:colcon.colcon_core.environment:checking '/home/eng_omar/bicycle_ws/install/bicycle_sim/lib'
[5.154s] Level 1:colcon.colcon_core.environment:checking '/home/eng_omar/bicycle_ws/install/bicycle_sim/bin'
[5.154s] Level 1:colcon.colcon_core.environment:checking '/home/eng_omar/bicycle_ws/install/bicycle_sim/lib/pkgconfig/bicycle_sim.pc'
[5.154s] Level 1:colcon.colcon_core.environment:checking '/home/eng_omar/bicycle_ws/install/bicycle_sim/lib/python3.10/site-packages'
[5.154s] Level 1:colcon.colcon_core.shell:create_environment_hook('bicycle_sim', 'pythonpath')
[5.155s] INFO:colcon.colcon_core.shell:Creating environment hook '/home/eng_omar/bicycle_ws/install/bicycle_sim/share/bicycle_sim/hook/pythonpath.ps1'
[5.155s] INFO:colcon.colcon_core.shell:Creating environment descriptor '/home/eng_omar/bicycle_ws/install/bicycle_sim/share/bicycle_sim/hook/pythonpath.dsv'
[5.155s] INFO:colcon.colcon_core.shell:Creating environment hook '/home/eng_omar/bicycle_ws/install/bicycle_sim/share/bicycle_sim/hook/pythonpath.sh'
[5.157s] Level 1:colcon.colcon_core.environment:checking '/home/eng_omar/bicycle_ws/install/bicycle_sim/bin'
[5.157s] Level 1:colcon.colcon_core.environment:create_environment_scripts_only(bicycle_sim)
[5.157s] INFO:colcon.colcon_core.shell:Creating package script '/home/eng_omar/bicycle_ws/install/bicycle_sim/share/bicycle_sim/package.ps1'
[5.158s] INFO:colcon.colcon_core.shell:Creating package descriptor '/home/eng_omar/bicycle_ws/install/bicycle_sim/share/bicycle_sim/package.dsv'
[5.159s] INFO:colcon.colcon_core.shell:Creating package script '/home/eng_omar/bicycle_ws/install/bicycle_sim/share/bicycle_sim/package.sh'
[5.159s] INFO:colcon.colcon_core.shell:Creating package script '/home/eng_omar/bicycle_ws/install/bicycle_sim/share/bicycle_sim/package.bash'
[5.159s] INFO:colcon.colcon_core.shell:Creating package script '/home/eng_omar/bicycle_ws/install/bicycle_sim/share/bicycle_sim/package.zsh'
[5.160s] Level 1:colcon.colcon_core.environment:create_file_with_runtime_dependencies(/home/eng_omar/bicycle_ws/install/bicycle_sim/share/colcon-core/packages/bicycle_sim)
[5.160s] DEBUG:colcon.colcon_parallel_executor.executor.parallel:closing loop
[5.161s] DEBUG:colcon.colcon_parallel_executor.executor.parallel:loop closed
[5.161s] DEBUG:colcon.colcon_parallel_executor.executor.parallel:run_until_complete finished with '0'
[5.161s] DEBUG:colcon.colcon_core.event_reactor:joining thread
[5.243s] INFO:colcon.colcon_core.plugin_system:Skipping extension 'colcon_notification.desktop_notification.notify_send': Could not find 'notify-send'
[5.243s] INFO:colcon.colcon_core.plugin_system:Skipping extension 'colcon_notification.desktop_notification.terminal_notifier': Not used on non-Darwin systems
[5.243s] INFO:colcon.colcon_core.plugin_system:Skipping extension 'colcon_notification.desktop_notification.win32': Not used on non-Windows systems
[5.243s] INFO:colcon.colcon_notification.desktop_notification:Sending desktop notification using 'notify2'
[5.244s] DEBUG:colcon.colcon_notification.desktop_notification.notify2:Failed to initialize notify2: org.freedesktop.DBus.Error.FileNotFound: Failed to connect to socket /run/user/1000/bus: No such file or directory
[5.244s] DEBUG:colcon.colcon_core.event_reactor:joined thread
[5.244s] INFO:colcon.colcon_core.shell:Creating prefix script '/home/eng_omar/bicycle_ws/install/local_setup.ps1'
[5.246s] INFO:colcon.colcon_core.shell:Creating prefix util module '/home/eng_omar/bicycle_ws/install/_local_setup_util_ps1.py'
[5.248s] INFO:colcon.colcon_core.shell:Creating prefix chain script '/home/eng_omar/bicycle_ws/install/setup.ps1'
[5.250s] INFO:colcon.colcon_core.shell:Creating prefix script '/home/eng_omar/bicycle_ws/install/local_setup.sh'
[5.251s] INFO:colcon.colcon_core.shell:Creating prefix util module '/home/eng_omar/bicycle_ws/install/_local_setup_util_sh.py'
[5.252s] INFO:colcon.colcon_core.shell:Creating prefix chain script '/home/eng_omar/bicycle_ws/install/setup.sh'
[5.253s] INFO:colcon.colcon_core.shell:Creating prefix script '/home/eng_omar/bicycle_ws/install/local_setup.bash'
[5.254s] INFO:colcon.colcon_core.shell:Creating prefix chain script '/home/eng_omar/bicycle_ws/install/setup.bash'
[5.256s] INFO:colcon.colcon_core.shell:Creating prefix script '/home/eng_omar/bicycle_ws/install/local_setup.zsh'
[5.257s] INFO:colcon.colcon_core.shell:Creating prefix chain script '/home/eng_omar/bicycle_ws/install/setup.zsh'
